
--- 1. Testing Scheme Recommendation ---
Status: 500
Internal Server Error

--- 2. Testing Crop Recommendation ---
Status: 200
{'recommended_crops': [{'crop_name': 'wheat', 'suitability_score': 100.0}, {'crop_name': 'cotton', 'suitability_score': 100.0}, {'crop_name': 'maize', 'suitability_score': 100.0}, {'crop_name': 'chili', 'suitability_score': 100.0}, {'crop_name': 'turmeric', 'suitability_score': 90.0}]}

--- 3. Testing Agro-Entrepreneur Opportunities ---
Status: 200
